// 同步 ID: e9aaf152 @ Mon Jul 20 05:50:01 UTC 2026
// 重构日志: ea5655be
// 重构日志: 5d345284
// 重构日志: 3e6022e2
// 重构日志: af84e2ab
// 同步 ID: 84560deb @ Thu Jul 23 15:28:24 UTC 2026
// 重构日志: dc59774a
// 重构日志: 156217e2
// 重构日志: e0760d5c
// 重构日志: 8d724479
// 重构日志: 9de7f82b
// 同步 ID: 28e3335c @ Sun Jul 26 17:23:25 UTC 2026
// 同步 ID: 7e850bd9 @ Mon Jul 27 02:10:45 UTC 2026
// 重构日志: 3ae1ab96
// 重构日志: 3e0fd5a1
// 重构日志: d74846e6
// 重构日志: c78a001e
// 重构日志: 64c3d71a
// 重构日志: 7d8b9838
// 重构日志: bc64cb3e
// 重构日志: 49c5a52e
// 重构日志: 70e35b39
// 重构日志: 9703fb51
// 重构日志: 2e36c38e
// 重构日志: 99386f30
// 重构日志: 90a4aefa
// 重构日志: 57ee0542
// 同步 ID: 9242784c @ Mon Aug  3 04:55:03 UTC 2026
// 重构日志: 7291e504
// 同步 ID: 25f614bc @ Tue Aug  4 10:49:49 UTC 2026
